(node:27336) ExperimentalWarning: Type Stripping is an experimental feature and might change at any time
(Use `node --trace-warnings ...` to show where the warning was created)
(node:27336) [MODULE_TYPELESS_PACKAGE_JSON] Warning: Module type of file:///C:/Users/Sony/Desktop/GTO%20Pub/gto-trainer-mw/scripts/pipeline-threebet.ts is not specified and it doesn't parse as CommonJS.
Reparsing as ES module because module syntax was detected. This incurs a performance overhead.
To eliminate this warning, add "type": "module" to C:\Users\Sony\Desktop\GTO Pub\gto-trainer-mw\package.json.
[19:49:58] 시작 — 3바퀴 × 콜 구간 6개 + 3벳 구간 10개 × 플랍 77개
[19:49:59] 1바퀴 콜 early-ip 완료 — 오픈 59 · 콜 46핸드 · 플랍 77개 재사용
[19:50:00] 1바퀴 콜 middle-ip 완료 — 오픈 73 · 콜 50핸드 · 플랍 77개 재사용
[19:50:00] 1바퀴 콜 late-ip 완료 — 오픈 76 · 콜 43핸드 · 플랍 77개 재사용
[19:50:01] 1바퀴 콜 early-sb 완료 — 오픈 59 · 콜 14핸드 · 플랍 77개 재사용
[19:50:02] 1바퀴 콜 middle-sb 완료 — 오픈 73 · 콜 22핸드 · 플랍 77개 재사용
[19:50:03] 1바퀴 콜 late-sb 완료 — 오픈 76 · 콜 50핸드 · 플랍 77개 재사용
[19:50:03] 1바퀴 3벳 early-ip 완료 — 3벳 16 · 콜 47핸드 · 플랍 77개 재사용
[19:50:04] 1바퀴 3벳 early-bb 완료 — 3벳 12 · 콜 26핸드 · 플랍 77개 재사용
[19:50:05] 1바퀴 3벳 early-sb 완료 — 3벳 15 · 콜 15핸드 · 플랍 77개 재사용
[19:50:06] 1바퀴 3벳 middle-ip 완료 — 3벳 26 · 콜 59핸드 · 플랍 77개 재사용
[19:50:06] 1바퀴 3벳 middle-bb 완료 — 3벳 29 · 콜 52핸드 · 플랍 77개 재사용
[19:50:07] 1바퀴 3벳 middle-sb 완료 — 3벳 22 · 콜 43핸드 · 플랍 77개 재사용
[19:50:08] 1바퀴 3벳 late-ip 완료 — 3벳 32 · 콜 57핸드 · 플랍 77개 재사용
[19:50:09] 1바퀴 3벳 late-bb 완료 — 3벳 52 · 콜 61핸드 · 플랍 77개 재사용
[19:50:10] 1바퀴 3벳 late-sb 완료 — 3벳 36 · 콜 57핸드 · 플랍 77개 재사용
[19:50:10] 1바퀴 3벳 sb-bb 완료 — 3벳 64 · 콜 78핸드 · 플랍 77개 재사용
[19:51:18] 1바퀴 3인 팟 몫 완료 — 1바퀴 평균
[19:51:18] 1바퀴 프리플랍 재솔브
[19:56:33] 1바퀴 끝 — 플랍 도달 37.3% (3인 팟 3.9%) (3벳 팟 9.9%) · BB의 BTN 3벳 6.7% · 3벳 빈도 최대 변화 2.03%p · 7분
[19:56:34] 2바퀴 콜 early-ip 완료 — 오픈 63 · 콜 35핸드 · 플랍 77개 재사용
[19:56:35] 2바퀴 콜 middle-ip 완료 — 오픈 71 · 콜 39핸드 · 플랍 77개 재사용
[19:56:36] 2바퀴 콜 late-ip 완료 — 오픈 76 · 콜 32핸드 · 플랍 77개 재사용
[19:56:36] 2바퀴 콜 early-sb 완료 — 오픈 63 · 콜 168핸드(승률 씨앗) · 플랍 77개 재사용
[19:56:38] 2바퀴 콜 middle-sb 완료 — 오픈 71 · 콜 10핸드 · 플랍 77개 재사용
[19:56:39] 2바퀴 콜 late-sb 완료 — 오픈 76 · 콜 169핸드(승률 씨앗) · 플랍 77개 재사용
[19:56:39] 2바퀴 3벳 early-ip 완료 — 3벳 15 · 콜 57핸드 · 플랍 77개 재사용
[19:56:40] 2바퀴 3벳 early-bb 완료 — 3벳 12 · 콜 38핸드 · 플랍 77개 재사용
[19:56:41] 2바퀴 3벳 early-sb 완료 — 3벳 12 · 콜 33핸드 · 플랍 77개 재사용
[19:56:42] 2바퀴 3벳 middle-ip 완료 — 3벳 26 · 콜 66핸드 · 플랍 77개 재사용
[19:56:43] 2바퀴 3벳 middle-bb 완료 — 3벳 42 · 콜 53핸드 · 플랍 77개 재사용
[19:56:44] 2바퀴 3벳 middle-sb 완료 — 3벳 21 · 콜 51핸드 · 플랍 77개 재사용
[19:56:45] 2바퀴 3벳 late-ip 완료 — 3벳 24 · 콜 71핸드 · 플랍 77개 재사용
[19:56:46] 2바퀴 3벳 late-bb 완료 — 3벳 35 · 콜 74핸드 · 플랍 77개 재사용
[19:56:47] 2바퀴 3벳 late-sb 완료 — 3벳 29 · 콜 67핸드 · 플랍 77개 재사용
[19:56:48] 2바퀴 3벳 sb-bb 완료 — 3벳 61 · 콜 93핸드 · 플랍 77개 재사용
[19:58:00] 2바퀴 3인 팟 몫 완료 — 2바퀴 평균
[19:58:00] 2바퀴 프리플랍 재솔브
[20:03:14] 2바퀴 끝 — 플랍 도달 39.8% (3인 팟 3.4%) (3벳 팟 11.6%) · BB의 BTN 3벳 8.1% · 3벳 빈도 최대 변화 2.65%p · 7분
[20:03:15] 3바퀴 콜 early-ip 완료 — 오픈 62 · 콜 41핸드 · 플랍 77개 재사용
[20:03:16] 3바퀴 콜 middle-ip 완료 — 오픈 72 · 콜 44핸드 · 플랍 77개 재사용
[20:03:17] 3바퀴 콜 late-ip 완료 — 오픈 76 · 콜 41핸드 · 플랍 77개 재사용
[20:03:18] 3바퀴 콜 early-sb 완료 — 오픈 62 · 콜 13핸드 · 플랍 77개 재사용
[20:03:18] 3바퀴 콜 middle-sb 완료 — 오픈 72 · 콜 15핸드 · 플랍 77개 재사용
[20:03:19] 3바퀴 콜 late-sb 완료 — 오픈 76 · 콜 37핸드 · 플랍 77개 재사용
[20:03:20] 3바퀴 3벳 early-ip 완료 — 3벳 19 · 콜 50핸드 · 플랍 77개 재사용
[20:03:20] 3바퀴 3벳 early-bb 완료 — 3벳 17 · 콜 27핸드 · 플랍 77개 재사용
[20:03:21] 3바퀴 3벳 early-sb 완료 — 3벳 17 · 콜 37핸드 · 플랍 77개 재사용
[20:03:21] 3바퀴 3벳 middle-ip 완료 — 3벳 25 · 콜 59핸드 · 플랍 77개 재사용
[20:03:22] 3바퀴 3벳 middle-bb 완료 — 3벳 33 · 콜 54핸드 · 플랍 77개 재사용
[20:03:23] 3바퀴 3벳 middle-sb 완료 — 3벳 27 · 콜 50핸드 · 플랍 77개 재사용
[20:03:24] 3바퀴 3벳 late-ip 완료 — 3벳 29 · 콜 63핸드 · 플랍 77개 재사용
[20:03:24] 3바퀴 3벳 late-bb 완료 — 3벳 52 · 콜 62핸드 · 플랍 77개 재사용
[20:03:25] 3바퀴 3벳 late-sb 완료 — 3벳 33 · 콜 59핸드 · 플랍 77개 재사용
[20:03:26] 3바퀴 3벳 sb-bb 완료 — 3벳 63 · 콜 78핸드 · 플랍 77개 재사용
[20:04:44] 3바퀴 3인 팟 몫 완료 — 3바퀴 평균
[20:04:44] 3바퀴 프리플랍 재솔브
[20:10:01] 3바퀴 끝 — 플랍 도달 39.5% (3인 팟 3.2%) (3벳 팟 11.4%) · BB의 BTN 3벳 8.2% · 3벳 빈도 최대 변화 1.97%p · 7분
[20:10:01] 완료
